src/app/page.tsx(455,24): error TS2554: Expected 0 arguments, but got 1.
src/app/page.tsx(517,25): error TS2554: Expected 0 arguments, but got 1.
